2026-09-25 21:47:38,902 - INFO - The Number of rows and columns was :(303, 14)
2026-09-25 21:47:38,905 - INFO - Null values in the values: age         0
sex         0
cp          0
trestbps    0
chol        0
fbs         0
restecg     0
thalach     0
exang       0
oldpeak     0
slope       0
ca          0
thal        0
target      0
dtype: int64
2026-09-25 21:47:38,912 - INFO - Training dataset size : 
 (242, 13)  => (242,)
2026-09-25 21:47:38,912 - INFO - Testing dataset size : 
 (61, 13) => (61,)
2026-09-25 21:47:38,914 - INFO - Numerical X_train columns : Index(['age', 'sex', 'cp', 'trestbps', 'chol', 'fbs', 'restecg', 'thalach',
       'exang', 'oldpeak', 'slope', 'ca', 'thal'],
      dtype='str')
2026-09-25 21:47:38,914 - INFO - Numerical X_test columns : Index(['age', 'sex', 'cp', 'trestbps', 'chol', 'fbs', 'restecg', 'thalach',
       'exang', 'oldpeak', 'slope', 'ca', 'thal'],
      dtype='str')
2026-09-25 21:47:38,914 - INFO - Error in line no : 39 : due to : <class 'TypeError'> : reason : variable_transformation_outliers() takes 0 positional arguments but 2 were given
2026-09-25 21:47:38,933 - INFO - Final Training Data : (242, 13)
2026-09-25 21:47:38,933 - INFO - Final Testing Data : (61, 13)
